// Jest Snapshot v1, https://goo.gl/fbAQLP

exports[`InlineLink with link matching routes for SPA should render correctly 1`] = `
<Router
  history={
    Object {
      "action": "POP",
      "block": [Function],
      "createHref": [Function],
      "go": [Function],
      "goBack": [Function],
      "goForward": [Function],
      "listen": [Function],
      "location": Object {
        "hash": "",
        "pathname": "/",
        "search": "",
        "state": undefined,
      },
      "push": [Function],
      "replace": [Function],
    }
  }
>
  <InlineLinkContainer
    href="/news/articles/c85pqyj5m2ko"
  >
    Internal SPA article
  </InlineLinkContainer>
</Router>
`;

exports[`InlineLink with link not matching SPA route should render correctly 1`] = `
<InlineLink
  href="https://www.bbc.com/news"
>
  BBC News
</InlineLink>
`;
