// Jest Snapshot v1, https://goo.gl/fbAQLP

exports[`Video with data but no image should only render the video 1`] = `null`;

exports[`Video with data should render the important props in divs 1`] = `
<Video
  duration="299"
  imageLocator="/cpsprodpb/5BD5/production/_101690532_2.jpg"
  kind="clip"
  rawImageSrc="https://ichef.bbci.co.uk/news/640/cpsprodpb/5BD5/production/_101690532_2.jpg"
  versionID="p064nsz3"
  videoLocator="urn:bbc:pips:pid:p064nsyw"
/>
`;

exports[`Video with no data should not render anything 1`] = `null`;
