// Jest Snapshot v1, https://goo.gl/fbAQLP

exports[`ResourceHints should be correct 1`] = `
Array [
  <link
    crossOrigin="anonymous"
    href="https://ichef.bbci.co.uk"
    rel="preconnect"
  />,
  <link
    crossOrigin="anonymous"
    href="https://static.bbci.co.uk"
    rel="preconnect"
  />,
  <link
    crossOrigin="anonymous"
    href="https://gel.files.bbci.co.uk"
    rel="preconnect"
  />,
  <link
    href="https://ichef.bbci.co.uk"
    rel="dns-prefetch"
  />,
  <link
    href="https://static.bbci.co.uk"
    rel="dns-prefetch"
  />,
  <link
    href="https://gel.files.bbci.co.uk"
    rel="dns-prefetch"
  />,
]
`;
