// Jest Snapshot v1, https://goo.gl/fbAQLP

exports[`Headings with headline data should render correctly 1`] = `
<Headline
  text="This is a headline!"
>
  This is a headline!
</Headline>
`;

exports[`Headings with subheadline data should render correctly 1`] = `
<SubHeading
  text="This is a subheadline"
>
  This is a subheadline
</SubHeading>
`;
