// Jest Snapshot v1, https://goo.gl/fbAQLP

exports[`VisuallyHiddenText should render off screen text for screen readers 1`] = `
.c0 {
  position: absolute;
  width: 1px;
  height: 1px;
  margin: -1px;
  padding: 0;
  border: 0;
  overflow: hidden;
  -webkit-clip: rect(0 0 0 0);
  clip: rect(0 0 0 0);
  top: 0;
}

<span
  className="c0"
>
  Some offscreen text
</span>
`;
