// Jest Snapshot v1, https://goo.gl/fbAQLP

exports[`ParagraphContainer should render correctly 1`] = `
<Paragraph>
  <Blocks
    blocks={
      Array [
        Object {
          "model": Object {
            "attributes": Array [
              "bold",
            ],
            "text": "This is some text.",
          },
          "type": "fragment",
        },
        Object {
          "model": Object {
            "blocks": Array [
              Object {
                "model": Object {
                  "attributes": Array [],
                  "text": "Some text",
                },
                "type": "fragment",
              },
              Object {
                "model": Object {
                  "attributes": Array [
                    "bold",
                  ],
                  "text": " for the ",
                },
                "type": "fragment",
              },
              Object {
                "model": Object {
                  "attributes": Array [
                    "italic",
                  ],
                  "text": " link!",
                },
                "type": "fragment",
              },
            ],
            "locator": "/bbc-test",
          },
          "type": "urlLink",
        },
      ]
    }
    componentsToRender={
      Object {
        "fragment": [Function],
        "urlLink": [Function],
      }
    }
  />
</Paragraph>
`;
