// Jest Snapshot v1, https://goo.gl/fbAQLP

exports[`no data should render null 1`] = `null`;
