// Jest Snapshot v1, https://goo.gl/fbAQLP

exports[`Image should render correctly 1`] = `
.c0 {
  display: block;
  width: 100%;
}

<img
  alt="Map of the UK displaying Syrian refugees and asylum seekers per 10000 population. Ranges from 0 to 17."
  className="c0"
  src="https://ichef.bbci.co.uk/news/640/cpsprodpb/439A/production/_100960371_syrians_and_asylum_v2-nc.png"
/>
`;
